// Jest Snapshot v1, https://goo.gl/fbAQLP

exports[`should render the App with theme provider 1`] = `
.c0 {
  background: black;
  color: red;
}

<div
  class="c0"
>
  <h1>
    Hello World
  </h1>
  ;
</div>
`;
